[sweep] (1/1) building 7_multi_accumulator ...
make[1]: Entering directory '/home/user/asl-project'
g++ -std=c++20 -Wall -Wextra -I./src -O3 -march=native -mfma -mavx -ffast-math src/main.cpp src/variants/7_multi_accumulator/comp.cpp src/common/parser.cpp -o build/7_multi_accumulator -lpapi
make[1]: Leaving directory '/home/user/asl-project'
[sweep cell 1/2 point 1/10 07:22:32] 7_multi_accumulator SHORT GAUSSIAN F=512 S=32
[sweep cell 1/2 point 2/10 07:22:34] 7_multi_accumulator SHORT GAUSSIAN F=512 S=64
[sweep cell 1/2 point 3/10 07:22:36] 7_multi_accumulator SHORT GAUSSIAN F=512 S=128
[sweep cell 1/2 point 4/10 07:22:38] 7_multi_accumulator SHORT GAUSSIAN F=512 S=256
[sweep cell 1/2 point 5/10 07:22:40] 7_multi_accumulator SHORT GAUSSIAN F=512 S=512
[sweep cell 1/2 point 6/10 07:22:43] 7_multi_accumulator SHORT GAUSSIAN F=512 S=1024
[sweep cell 1/2 point 7/10 07:22:47] 7_multi_accumulator SHORT GAUSSIAN F=512 S=2048
[sweep cell 1/2 point 8/10 07:22:54] 7_multi_accumulator SHORT GAUSSIAN F=512 S=4096
[sweep cell 1/2 point 9/10 07:23:06] 7_multi_accumulator SHORT GAUSSIAN F=512 S=8192
[sweep cell 1/2 point 10/10 07:23:29] 7_multi_accumulator SHORT GAUSSIAN F=512 S=16384
[sweep cell 2/2 point 1/10 07:24:25] 7_multi_accumulator SHORT BLOCK_CORR F=512 S=32
[sweep cell 2/2 point 2/10 07:24:26] 7_multi_accumulator SHORT BLOCK_CORR F=512 S=64
[sweep cell 2/2 point 3/10 07:24:28] 7_multi_accumulator SHORT BLOCK_CORR F=512 S=128
[sweep cell 2/2 point 4/10 07:24:30] 7_multi_accumulator SHORT BLOCK_CORR F=512 S=256
[sweep cell 2/2 point 5/10 07:24:32] 7_multi_accumulator SHORT BLOCK_CORR F=512 S=512
[sweep cell 2/2 point 6/10 07:24:35] 7_multi_accumulator SHORT BLOCK_CORR F=512 S=1024
[sweep cell 2/2 point 7/10 07:24:40] 7_multi_accumulator SHORT BLOCK_CORR F=512 S=2048
[sweep cell 2/2 point 8/10 07:24:46] 7_multi_accumulator SHORT BLOCK_CORR F=512 S=4096
[sweep cell 2/2 point 9/10 07:24:59] 7_multi_accumulator SHORT BLOCK_CORR F=512 S=8192
[sweep cell 2/2 point 10/10 07:25:22] 7_multi_accumulator SHORT BLOCK_CORR F=512 S=16384
[sweep] done — wrote results/2026-05-28_07-22-30_F512_S32-16384_SHORT_GAUSSIAN-BLOCK_CORR_R3/
