[sweep] (1/1) building 8_sorting ...
make[1]: Entering directory '/home/user/asl-project'
g++ -std=c++20 -Wall -Wextra -I./src -O3 -march=native -mfma -mavx -ffast-math src/main.cpp src/variants/8_sorting/comp.cpp src/common/parser.cpp -o build/8_sorting -lpapi
make[1]: Leaving directory '/home/user/asl-project'
[sweep cell 1/2 point 1/10 07:58:45] 8_sorting SHORT GAUSSIAN F=512 S=32
[sweep cell 1/2 point 2/10 07:58:46] 8_sorting SHORT GAUSSIAN F=512 S=64
[sweep cell 1/2 point 3/10 07:58:48] 8_sorting SHORT GAUSSIAN F=512 S=128
[sweep cell 1/2 point 4/10 07:58:49] 8_sorting SHORT GAUSSIAN F=512 S=256
[sweep cell 1/2 point 5/10 07:58:51] 8_sorting SHORT GAUSSIAN F=512 S=512
[sweep cell 1/2 point 6/10 07:58:53] 8_sorting SHORT GAUSSIAN F=512 S=1024
[sweep cell 1/2 point 7/10 07:58:56] 8_sorting SHORT GAUSSIAN F=512 S=2048
[sweep cell 1/2 point 8/10 07:59:01] 8_sorting SHORT GAUSSIAN F=512 S=4096
[sweep cell 1/2 point 9/10 07:59:08] 8_sorting SHORT GAUSSIAN F=512 S=8192
[sweep cell 1/2 point 10/10 07:59:20] 8_sorting SHORT GAUSSIAN F=512 S=16384
[sweep cell 2/2 point 1/10 07:59:45] 8_sorting SHORT BLOCK_CORR F=512 S=32
[sweep cell 2/2 point 2/10 07:59:47] 8_sorting SHORT BLOCK_CORR F=512 S=64
[sweep cell 2/2 point 3/10 07:59:48] 8_sorting SHORT BLOCK_CORR F=512 S=128
[sweep cell 2/2 point 4/10 07:59:50] 8_sorting SHORT BLOCK_CORR F=512 S=256
[sweep cell 2/2 point 5/10 07:59:51] 8_sorting SHORT BLOCK_CORR F=512 S=512
[sweep cell 2/2 point 6/10 07:59:53] 8_sorting SHORT BLOCK_CORR F=512 S=1024
[sweep cell 2/2 point 7/10 07:59:57] 8_sorting SHORT BLOCK_CORR F=512 S=2048
[sweep cell 2/2 point 8/10 08:00:01] 8_sorting SHORT BLOCK_CORR F=512 S=4096
[sweep cell 2/2 point 9/10 08:00:09] 8_sorting SHORT BLOCK_CORR F=512 S=8192
[sweep cell 2/2 point 10/10 08:00:21] 8_sorting SHORT BLOCK_CORR F=512 S=16384
[sweep] done — wrote results/2026-05-28_07-58-42_F512_S32-16384_SHORT_GAUSSIAN-BLOCK_CORR_R3/
